2 0.27941891020401
4 0.217855696521353
1 0.284869696753283
3 0.217855696521353
