#arguments: IOB tag: Begin, word numbering: file
#columns: file_id sent_id word_id iob_inner pos word function heads head_ids iob_chain trace-function trace-type trace-head_ids
 0021  1  0 B-NP    NNP   Argentina       NP-SBJ          said              1 B-S/B-NP
 0021  1  1 B-VP    VBD   said            VP/S            said              1 I-S/B-VP
 0021  1  2 B-NP    PRP   it              NP-SBJ          ask               4 I-S/I-VP/B-SBAR/B-S/B-NP
 0021  1  3 B-VP    MD    will            NOFUNC          ask               4 I-S/I-VP/I-SBAR/I-S/B-VP
 0021  1  4 I-VP    VB    ask             VP/S/SBAR       said              1 I-S/I-VP/I-SBAR/I-S/I-VP
 0021  1  5 B-NP    NN    creditor        NOFUNC          banks             6 I-S/I-VP/I-SBAR/I-S/I-VP/B-NP
 0021  1  6 I-NP    NNS   banks           NP              ask               4 I-S/I-VP/I-SBAR/I-S/I-VP/I-NP     NP-SBJ    *     8
 0021  1  7 B-VP    TO    to              NOFUNC          halve             8 I-S/I-VP/I-SBAR/I-S/I-VP/B-S/B-VP
 0021  1  8 I-VP    VB    halve           VP/S            ask               4 I-S/I-VP/I-SBAR/I-S/I-VP/I-S/I-VP
 0021  1  9 B-NP    PRP$  its             NOFUNC          debt             11 I-S/I-VP/I-SBAR/I-S/I-VP/I-S/I-VP/B-NP/B-NP/B-NP
 0021  1 10 I-NP    JJ    foreign         NOFUNC          debt             11 I-S/I-VP/I-SBAR/I-S/I-VP/I-S/I-VP/I-NP/I-NP/I-NP
 0021  1 11 I-NP    NN    debt            NP              halve             8 I-S/I-VP/I-SBAR/I-S/I-VP/I-S/I-VP/I-NP/I-NP/I-NP
 0021  1 12 B-PP    IN    of              PP              debt             11 I-S/I-VP/I-SBAR/I-S/I-VP/I-S/I-VP/I-NP/I-NP/B-PP
 0021  1 13 B-NP    $     $               NOFUNC          billion          15 I-S/I-VP/I-SBAR/I-S/I-VP/I-S/I-VP/I-NP/I-NP/I-PP/B-NP
 0021  1 14 I-NP    CD    64              NOFUNC          billion          15 I-S/I-VP/I-SBAR/I-S/I-VP/I-S/I-VP/I-NP/I-NP/I-PP/I-NP
 0021  1 15 I-NP    CD    billion         NP              of               12 I-S/I-VP/I-SBAR/I-S/I-VP/I-S/I-VP/I-NP/I-NP/I-PP/I-NP
 0021  1 16 O       :     --              NOFUNC          ???             ???        I-S/I-VP/I-SBAR/I-S/I-VP/I-S/I-VP/I-NP/B-PRN
 0021  1 17 B-NP    DT    the             NOFUNC          third-highest    18 I-S/I-VP/I-SBAR/I-S/I-VP/I-S/I-VP/I-NP/I-PRN/B-NP/B-NP
 0021  1 18 I-NP    JJS   third-highest   NP              ???             ???        I-S/I-VP/I-SBAR/I-S/I-VP/I-S/I-VP/I-NP/I-PRN/I-NP/I-NP
 0021  1 19 B-PP    IN    in              PP-LOC          third-highest    18 I-S/I-VP/I-SBAR/I-S/I-VP/I-S/I-VP/I-NP/I-PRN/I-NP/B-PP
 0021  1 20 B-NP    DT    the             NOFUNC          world            22 I-S/I-VP/I-SBAR/I-S/I-VP/I-S/I-VP/I-NP/I-PRN/I-NP/I-PP/B-NP
 0021  1 21 I-NP    VBG   developing      NOFUNC          world            22 I-S/I-VP/I-SBAR/I-S/I-VP/I-S/I-VP/I-NP/I-PRN/I-NP/I-PP/I-NP
 0021  1 22 I-NP    NN    world           NP              in               19 I-S/I-VP/I-SBAR/I-S/I-VP/I-S/I-VP/I-NP/I-PRN/I-NP/I-PP/I-NP
 0021  1 23 O       .     .               NOFUNC          said              1 I-S

 0021  2 24 B-NP    DT    The             NOFUNC          declaration      25 B-S/B-NP/B-NP
 0021  2 25 I-NP    NN    declaration     NP-SBJ          be               34 I-S/I-NP/I-NP
 0021  2 26 B-PP    IN    by              PP              declaration      25 I-S/I-NP/B-PP
 0021  2 27 B-NP    NNP   Economy         NOFUNC          Rapanelli        30 I-S/I-NP/I-PP/B-NP
 0021  2 28 I-NP    NNP   Minister        NOFUNC          Rapanelli        30 I-S/I-NP/I-PP/I-NP
 0021  2 29 I-NP    NNP   Nestor          NOFUNC          Rapanelli        30 I-S/I-NP/I-PP/I-NP
 0021  2 30 I-NP    NNP   Rapanelli       NP              by               26 I-S/I-NP/I-PP/I-NP
 0021  2 31 B-VP    VBZ   is              NOFUNC          be               34 I-S/B-VP
 0021  2 32 I-VP    VBN   believed        NOFUNC          be               34 I-S/I-VP
 0021  2 33 I-VP    TO    to              NOFUNC          be               34 I-S/I-VP
 0021  2 34 I-VP    VB    be              VP/S            be               34 I-S/I-VP
 0021  2 35 B-NP    DT    the             NOFUNC          time             37 I-S/I-VP/B-NP/B-NP
 0021  2 36 I-NP    JJ    first           NOFUNC          time             37 I-S/I-VP/I-NP/I-NP
 0021  2 37 I-NP    NN    time            NP-PRD          be               34 I-S/I-VP/I-NP/I-NP
 0021  2 38 B-NP    JJ    such            NOFUNC          action           40 I-S/I-VP/I-NP/B-SBAR/B-S/B-NP
 0021  2 39 I-NP    DT    an              NOFUNC          action           40 I-S/I-VP/I-NP/I-SBAR/I-S/I-NP
 0021  2 40 I-NP    NN    action          NP-SBJ          called           43 I-S/I-VP/I-NP/I-SBAR/I-S/I-NP         NP    *    44
 0021  2 41 B-VP    VBZ   has             NOFUNC          called           43 I-S/I-VP/I-NP/I-SBAR/I-S/B-VP
 0021  2 42 I-VP    VBN   been            NOFUNC          called           43 I-S/I-VP/I-NP/I-SBAR/I-S/I-VP
 0021  2 43 I-VP    VBN   called          VP/S            ???             ???        I-S/I-VP/I-NP/I-SBAR/I-S/I-VP
 0021  2 44 B-PP    IN    for             PP              called           43 I-S/I-VP/I-NP/I-SBAR/I-S/I-VP/B-PP
 0021  2 45 B-PP    IN    by              PP              called           43 I-S/I-VP/I-NP/I-SBAR/I-S/I-VP/B-PP
 0021  2 46 B-NP    DT    an              NOFUNC          official         48 I-S/I-VP/I-NP/I-SBAR/I-S/I-VP/I-PP/B-NP/B-NP
 0021  2 47 I-NP    JJ    Argentine       NOFUNC          official         48 I-S/I-VP/I-NP/I-SBAR/I-S/I-VP/I-PP/I-NP/I-NP
 0021  2 48 I-NP    NN    official        NP-LGS          by               45 I-S/I-VP/I-NP/I-SBAR/I-S/I-VP/I-PP/I-NP/I-NP
 0021  2 49 B-PP    IN    of              PP              official         48 I-S/I-VP/I-NP/I-SBAR/I-S/I-VP/I-PP/I-NP/B-PP
 0021  2 50 B-NP    JJ    such            NOFUNC          stature          51 I-S/I-VP/I-NP/I-SBAR/I-S/I-VP/I-PP/I-NP/I-PP/B-NP
 0021  2 51 I-NP    NN    stature         NP              of               49 I-S/I-VP/I-NP/I-SBAR/I-S/I-VP/I-PP/I-NP/I-PP/I-NP
 0021  2 52 O       .     .               NOFUNC          be               34 I-S

 0021  3 53 B-NP    DT    The             NOFUNC          nation           56 B-S/B-NP
 0021  3 54 I-NP    NNP   Latin           NOFUNC          nation           56 I-S/I-NP
 0021  3 55 I-NP    NNP   American        NOFUNC          nation           56 I-S/I-NP
 0021  3 56 I-NP    NN    nation          NP-SBJ          paid             58 I-S/I-NP
 0021  3 57 B-VP    VBZ   has             NOFUNC          paid             58 I-S/B-VP
 0021  3 58 I-VP    VBN   paid            VP/S            paid             58 I-S/I-VP
 0021  3 59 B-NP    RB    very            NOFUNC          little           60 I-S/I-VP/B-NP
 0021  3 60 I-NP    RB    little          NP              paid             58 I-S/I-VP/I-NP
 0021  3 61 B-PP    IN    on              PP              paid             58 I-S/I-VP/B-PP
 0021  3 62 B-NP    PRP$  its             NOFUNC          debt             63 I-S/I-VP/I-PP/B-NP
 0021  3 63 I-NP    NN    debt            NP              on               61 I-S/I-VP/I-PP/I-NP
 0021  3 64 B-PP    IN    since           PP-TMP          paid             58 I-S/I-VP/B-PP
 0021  3 65 B-NP    JJ    early           NOFUNC          year             67 I-S/I-VP/I-PP/B-NP
 0021  3 66 I-NP    JJ    last            NOFUNC          year             67 I-S/I-VP/I-PP/I-NP
 0021  3 67 I-NP    NN    year            NP              since            64 I-S/I-VP/I-PP/I-NP
 0021  3 68 O       .     .               NOFUNC          paid             58 I-S

 0021  4 69 O       ``    ``              NOFUNC          said             90 B-S
 0021  4 70 B-NP    NNP   Argentina       NP-SBJ          reach            73 I-S/B-S/B-NP
 0021  4 71 B-VP    VBZ   aspires         NOFUNC          reach            73 I-S/I-S/B-VP
 0021  4 72 I-VP    TO    to              NOFUNC          reach            73 I-S/I-S/I-VP
 0021  4 73 I-VP    VB    reach           VP/S-TPC        said             90 I-S/I-S/I-VP          S  *T*    90
 0021  4 74 B-NP    DT    a               NOFUNC          reduction        75 I-S/I-S/I-VP/B-NP/B-NP
 0021  4 75 I-NP    NN    reduction       NP              reach            73 I-S/I-S/I-VP/I-NP/I-NP
 0021  4 76 B-PP    IN    of              PP              reduction        75 I-S/I-S/I-VP/I-NP/B-PP
 0021  4 77 B-NP    CD    50              NOFUNC          %                78 I-S/I-S/I-VP/I-NP/I-PP/B-NP
 0021  4 78 I-NP    NN    %               NP              of               76 I-S/I-S/I-VP/I-NP/I-PP/I-NP
 0021  4 79 B-PP    IN    in              PP-LOC          reduction        75 I-S/I-S/I-VP/I-NP/B-PP
 0021  4 80 B-NP    DT    the             NOFUNC          value            81 I-S/I-S/I-VP/I-NP/I-PP/B-NP/B-NP
 0021  4 81 I-NP    NN    value           NP              in               79 I-S/I-S/I-VP/I-NP/I-PP/I-NP/I-NP
 0021  4 82 B-PP    IN    of              PP              value            81 I-S/I-S/I-VP/I-NP/I-PP/I-NP/B-PP
 0021  4 83 B-NP    PRP$  its             NOFUNC          debt             85 I-S/I-S/I-VP/I-NP/I-PP/I-NP/I-PP/B-NP
 0021  4 84 I-NP    JJ    external        NOFUNC          debt             85 I-S/I-S/I-VP/I-NP/I-PP/I-NP/I-PP/I-NP
 0021  4 85 I-NP    NN    debt            NP              of               82 I-S/I-S/I-VP/I-NP/I-PP/I-NP/I-PP/I-NP
 0021  4 86 O       COMMA COMMA           NOFUNC          said             90 I-S
 0021  4 87 O       ''    ''              NOFUNC          said             90 I-S
 0021  4 88 B-NP    NNP   Mr.             NOFUNC          Rapanelli        89 I-S/B-NP
 0021  4 89 I-NP    NNP   Rapanelli       NP-SBJ          said             90 I-S/I-NP
 0021  4 90 B-VP    VBD   said            VP/S            said             90 I-S/B-VP
 0021  4 91 B-PP    IN    through         PP-MNR          said             90 I-S/I-VP/B-PP
 0021  4 92 B-NP    PRP$  his             NOFUNC          spokesman        93 I-S/I-VP/I-PP/B-NP/B-NP
 0021  4 93 I-NP    NN    spokesman       NP              through          91 I-S/I-VP/I-PP/I-NP/I-NP
 0021  4 94 O       COMMA COMMA           NOFUNC          spokesman        93 I-S/I-VP/I-PP/I-NP
 0021  4 95 B-NP    NNP   Miguel          NOFUNC          Alurralde        96 I-S/I-VP/I-PP/I-NP/B-NP
 0021  4 96 I-NP    NNP   Alurralde       NP              spokesman        93 I-S/I-VP/I-PP/I-NP/I-NP
 0021  4 97 O       .     .               NOFUNC          said             90 I-S

 0021  5 98 B-NP    NNP   Mr.             NOFUNC          Rapanelli        99 B-S/B-NP
 0021  5 99 I-NP    NNP   Rapanelli       NP-SBJ          met             100 I-S/I-NP
 0021  5 100 B-VP    VBD   met             VP/S            met             100 I-S/B-VP
 0021  5 101 B-PP    IN    in              PP-TMP          met             100 I-S/I-VP/B-PP
 0021  5 102 B-NP    NNP   August          NP              in              101 I-S/I-VP/I-PP/B-NP
 0021  5 103 B-PP    IN    with            PP-CLR          met             100 I-S/I-VP/B-PP
 0021  5 104 B-NP    NNP   U.S.            NOFUNC          Mulford         109 I-S/I-VP/I-PP/B-NP
 0021  5 105 I-NP    NNP   Assistant       NOFUNC          Mulford         109 I-S/I-VP/I-PP/I-NP
 0021  5 106 I-NP    NNP   Treasury        NOFUNC          Mulford         109 I-S/I-VP/I-PP/I-NP
 0021  5 107 I-NP    NNP   Secretary       NOFUNC          Mulford         109 I-S/I-VP/I-PP/I-NP
 0021  5 108 I-NP    NNP   David           NOFUNC          Mulford         109 I-S/I-VP/I-PP/I-NP
 0021  5 109 I-NP    NNP   Mulford         NP              with            103 I-S/I-VP/I-PP/I-NP
 0021  5 110 O       .     .               NOFUNC          met             100 I-S

 0021  6 111 B-NP    JJ    Argentine       NOFUNC          Carballo        114 B-S/B-NP
 0021  6 112 I-NP    NN    negotiator      NOFUNC          Carballo        114 I-S/I-NP
 0021  6 113 I-NP    NNP   Carlos          NOFUNC          Carballo        114 I-S/I-NP
 0021  6 114 I-NP    NNP   Carballo        NP-SBJ          was             115 I-S/I-NP     NP-SBJ    *   124
 0021  6 115 B-VP    VBD   was             VP/S            was             115 I-S/B-VP
 0021  6 116 B-PP    IN    in              PP-LOC-PRD      was             115 I-S/I-VP/B-PP
 0021  6 117 B-NP    NNP   Washington      NP              in              116 I-S/I-VP/I-PP/B-NP/B-NP
 0021  6 118 O       CC    and             NOFUNC          Washington/York 117/120 I-S/I-VP/I-PP/I-NP
 0021  6 119 B-NP    NNP   New             NOFUNC          York            120 I-S/I-VP/I-PP/I-NP/B-NP
 0021  6 120 I-NP    NNP   York            NP              in              116 I-S/I-VP/I-PP/I-NP/I-NP
 0021  6 121 B-NP    DT    this            NOFUNC          week            122 I-S/I-VP/B-NP
 0021  6 122 I-NP    NN    week            NP-TMP          was             115 I-S/I-VP/I-NP
 0021  6 123 B-VP    TO    to              NOFUNC          meet            124 I-S/I-VP/B-S/B-VP
 0021  6 124 I-VP    VB    meet            VP/S-PRP        was             115 I-S/I-VP/I-S/I-VP
 0021  6 125 B-PP    IN    with            PP-CLR          meet            124 I-S/I-VP/I-S/I-VP/B-PP
 0021  6 126 B-NP    NNS   banks           NP              with            125 I-S/I-VP/I-S/I-VP/I-PP/B-NP
 0021  6 127 O       .     .               NOFUNC          was             115 I-S

 0021  7 128 B-NP    NNP   Mr.             NOFUNC          Rapanelli       129 B-S/B-NP
 0021  7 129 I-NP    NNP   Rapanelli       NP-SBJ          said            132 I-S/I-NP
 0021  7 130 B-ADVP  RB    recently        ADVP-TMP        said            132 I-S/B-ADVP
 0021  7 131 B-VP    VBZ   has             NOFUNC          said            132 I-S/B-VP
 0021  7 132 I-VP    VBD   said            VP/S            said            132 I-S/I-VP
 0021  7 133 B-NP    DT    the             NOFUNC          government      134 I-S/I-VP/B-SBAR/B-S/B-NP/B-NP
 0021  7 134 I-NP    NN    government      NP-SBJ          feels           146 I-S/I-VP/I-SBAR/I-S/I-NP/I-NP
 0021  7 135 B-PP    IN    of              PP              government      134 I-S/I-VP/I-SBAR/I-S/I-NP/B-PP
 0021  7 136 B-NP    NNP   President       NOFUNC          Menem           138 I-S/I-VP/I-SBAR/I-S/I-NP/I-PP/B-NP/B-NP
 0021  7 137 I-NP    NNP   Carlos          NOFUNC          Menem           138 I-S/I-VP/I-SBAR/I-S/I-NP/I-PP/I-NP/I-NP
 0021  7 138 I-NP    NNP   Menem           NP              of              135 I-S/I-VP/I-SBAR/I-S/I-NP/I-PP/I-NP/I-NP
 0021  7 139 O       COMMA COMMA           NOFUNC          Menem           138 I-S/I-VP/I-SBAR/I-S/I-NP/I-PP/I-NP
 0021  7 140 B-NP    WP    who             WHNP/SBAR       Menem           138 I-S/I-VP/I-SBAR/I-S/I-NP/I-PP/I-NP/B-SBAR/B-WHNP     NP-SBJ  *T*   141
 0021  7 141 B-VP    VBD   took            VP/S            who             140 I-S/I-VP/I-SBAR/I-S/I-NP/I-PP/I-NP/I-SBAR/B-S/B-VP
 0021  7 142 B-NP    NN    office          NP              took            141 I-S/I-VP/I-SBAR/I-S/I-NP/I-PP/I-NP/I-SBAR/I-S/I-VP/B-NP
 0021  7 143 B-NP    NNP   July            NOFUNC          8               144 I-S/I-VP/I-SBAR/I-S/I-NP/I-PP/I-NP/I-SBAR/I-S/I-VP/B-NP
 0021  7 144 I-NP    CD    8               NP-TMP          took            141 I-S/I-VP/I-SBAR/I-S/I-NP/I-PP/I-NP/I-SBAR/I-S/I-VP/I-NP
 0021  7 145 O       COMMA COMMA           NOFUNC          Menem           138 I-S/I-VP/I-SBAR/I-S/I-NP/I-PP/I-NP
 0021  7 146 B-VP    VBZ   feels           VP/S/SBAR       said            132 I-S/I-VP/I-SBAR/I-S/B-VP
 0021  7 147 B-NP    DT    a               NOFUNC          reduction       149 I-S/I-VP/I-SBAR/I-S/I-VP/B-SBAR/B-S/B-NP/B-NP
 0021  7 148 I-NP    JJ    significant     NOFUNC          reduction       149 I-S/I-VP/I-SBAR/I-S/I-VP/I-SBAR/I-S/I-NP/I-NP
 0021  7 149 I-NP    NN    reduction       NP-SBJ          is              154 I-S/I-VP/I-SBAR/I-S/I-VP/I-SBAR/I-S/I-NP/I-NP
 0021  7 150 B-PP    IN    of              PP              reduction       149 I-S/I-VP/I-SBAR/I-S/I-VP/I-SBAR/I-S/I-NP/B-PP
 0021  7 151 B-NP    NN    principal       NOFUNC          interest        153 I-S/I-VP/I-SBAR/I-S/I-VP/I-SBAR/I-S/I-NP/I-PP/B-NP
 0021  7 152 I-NP    CC    and             NOFUNC          interest        153 I-S/I-VP/I-SBAR/I-S/I-VP/I-SBAR/I-S/I-NP/I-PP/I-NP
 0021  7 153 I-NP    NN    interest        NP              of              150 I-S/I-VP/I-SBAR/I-S/I-VP/I-SBAR/I-S/I-NP/I-PP/I-NP
 0021  7 154 B-VP    VBZ   is              VP/S/SBAR       feels           146 I-S/I-VP/I-SBAR/I-S/I-VP/I-SBAR/I-S/B-VP
 0021  7 155 B-NP    DT    the             NOFUNC          way             157 I-S/I-VP/I-SBAR/I-S/I-VP/I-SBAR/I-S/I-VP/B-NP/B-NP
 0021  7 156 I-NP    JJ    only            NOFUNC          way             157 I-S/I-VP/I-SBAR/I-S/I-VP/I-SBAR/I-S/I-VP/I-NP/I-NP
 0021  7 157 I-NP    NN    way             NP-PRD          is              154 I-S/I-VP/I-SBAR/I-S/I-VP/I-SBAR/I-S/I-VP/I-NP/I-NP
 0021  7 158 B-NP    DT    the             NOFUNC          problem         160 I-S/I-VP/I-SBAR/I-S/I-VP/I-SBAR/I-S/I-VP/I-NP/B-SBAR/B-S/B-NP
 0021  7 159 I-NP    NN    debt            NOFUNC          problem         160 I-S/I-VP/I-SBAR/I-S/I-VP/I-SBAR/I-S/I-VP/I-NP/I-SBAR/I-S/I-NP
 0021  7 160 I-NP    NN    problem         NP-SBJ          solved          163 I-S/I-VP/I-SBAR/I-S/I-VP/I-SBAR/I-S/I-VP/I-NP/I-SBAR/I-S/I-NP         NP    *   163
 0021  7 161 B-VP    MD    may             NOFUNC          solved          163 I-S/I-VP/I-SBAR/I-S/I-VP/I-SBAR/I-S/I-VP/I-NP/I-SBAR/I-S/B-VP
 0021  7 162 I-VP    VB    be              NOFUNC          solved          163 I-S/I-VP/I-SBAR/I-S/I-VP/I-SBAR/I-S/I-VP/I-NP/I-SBAR/I-S/I-VP
 0021  7 163 I-VP    VBN   solved          VP/S            ???             ???        I-S/I-VP/I-SBAR/I-S/I-VP/I-SBAR/I-S/I-VP/I-NP/I-SBAR/I-S/I-VP
 0021  7 164 O       .     .               NOFUNC          said            132 I-S

 0021  8 165 O       CC    But             NOFUNC          said            169 B-S
 0021  8 166 B-NP    PRP   he              NP-SBJ          said            169 I-S/B-NP
 0021  8 167 B-VP    VBZ   has             NOFUNC          said            169 I-S/B-VP
 0021  8 168 I-VP    RB    not             NOFUNC          said            169 I-S/I-VP
 0021  8 169 I-VP    VBD   said            VP/S            said            169 I-S/I-VP
 0021  8 170 B-ADVP  IN    before          ADVP-TMP        said            169 I-S/I-VP/B-ADVP
 0021  8 171 B-SBAR  IN    that            SBAR            said            169 I-S/I-VP/B-SBAR
 0021  8 172 B-NP    DT    the             NOFUNC          country         173 I-S/I-VP/I-SBAR/B-S/B-NP
 0021  8 173 I-NP    NN    country         NP-SBJ          wants           174 I-S/I-VP/I-SBAR/I-S/I-NP
 0021  8 174 B-VP    VBZ   wants           VP/S            that            171 I-S/I-VP/I-SBAR/I-S/B-VP
 0021  8 175 B-NP    PDT   half            NOFUNC          debt            177 I-S/I-VP/I-SBAR/I-S/I-VP/B-S/B-NP
 0021  8 176 I-NP    DT    the             NOFUNC          debt            177 I-S/I-VP/I-SBAR/I-S/I-VP/I-S/I-NP
 0021  8 177 I-NP    NN    debt            NP-SBJ          forgiven        178 I-S/I-VP/I-SBAR/I-S/I-VP/I-S/I-NP         NP    *   178
 0021  8 178 B-VP    VBN   forgiven        VP/S            wants           174 I-S/I-VP/I-SBAR/I-S/I-VP/I-S/B-VP
 0021  8 179 O       .     .               NOFUNC          said            169 I-S

