1	It	*1.38629436111989*
2	the	*1.38629436111989*
3	written	*1.38629436111989*
4	a	*1.38629436111989*
5	has	*0.8754687373539*
6	document	*1.38629436111989*
7	are	*1.38629436111989*
8	not	*1.38629436111989*
9	same	*1.38629436111989*
10	that	*1.38629436111989*
11	lines	*1.38629436111989*
12	is	*1.38629436111989*
13	This	*1.38629436111989*
14	sentences	*1.38629436111989*
15	Or	*1.38629436111989*
16	on	*0.8754687373539*
17	But	*0.8754687373539*
18	own	*1.38629436111989*
19	Like	*1.38629436111989*
20	also	*1.38629436111989*
21	line	*1.38629436111989*
22	this	*0.538996500732687*
23	it	*1.38629436111989*
24	And	*1.38629436111989*
25	one	*0.538996500732687*
26	just	*1.38629436111989*
27	their	*1.38629436111989*
28	simple	*1.38629436111989*
29	some	*0.8754687373539*
